// Jest Snapshot v1, https://goo.gl/fbAQLP

exports[`Book It renders 1`] = `
<div
  className="wrapper"
  style={
    Object {
      "height": 768,
      "width": 1024,
    }
  }
/>
`;
